
> frontend@0.0.0 build
> vite build

node.exe : 
NODE_ENV=production 
is not supported in 
the .env file. Only 
NODE_ENV=development 
is supported to 
create a development 
build of your 
project. If you need 
to set 
process.env.NODE_ENV, 
you can set it in the 
Vite config instead.
At line:1 char:1
+ & "C:\Program Files\
nodejs/node.exe" 
"C:\Program 
Files\nodejs/node_mo 
...
+ ~~~~~~~~~~~~~~~~~~~~
~~~~~~~~~~~~~~~~~~~~~~
~~~~~~~~~~~~~~~~~~~~~~
~~~~~
    + CategoryInfo    
          : NotSpeci  
  fied: (NODE_ENV=p   
 roduc...config in    
stead.:String) []    
, RemoteException
    + FullyQualifiedE 
   rrorId : NativeCo  
  mmandError
 
[36mvite v4.5.14 [32mbuilding for production...[36m[39m
transforming...
[32mÔ£ô[39m 3551 modules transformed.
[32mÔ£ô built in 56.58s[39m
[31m"default" is not 
exported by "src/pages
/teacher/TeacherProfil
e.tsx", imported by 
"src/App.tsx".[39m
file: [36mC:/Users/ch
ereto/Desktop/eoty-pla
tform/frontend/src/App
.tsx:70:7[39m
[33m68: import 
LearningPage from '@/p
ages/student/LearningP
age';
69: import 
ResourcesPage from '@/
pages/student/Resource
sPage';
70: import 
TeacherProfile from '@
/pages/teacher/Teacher
Profile';
           ^
71: import 
StudentProfile from '@
/pages/student/Student
Profile';
72: import 
Assignments from '@/pa
ges/teacher/assignment
s/Assignments';[39m
[31merror during 
build:
RollupError: 
"default" is not 
exported by "src/pages
/teacher/TeacherProfil
e.tsx", imported by 
"src/App.tsx".
    at error (file:///
C:/Users/chereto/Deskt
op/eoty-platform/front
end/node_modules/rollu
p/dist/es/shared/node-
entry.js:2287:30)
    at Module.error (f
ile:///C:/Users/cheret
o/Desktop/eoty-platfor
m/frontend/node_module
s/rollup/dist/es/share
d/node-entry.js:13745:
16)
    at 
Module.traceVariable (
file:///C:/Users/chere
to/Desktop/eoty-platfo
rm/frontend/node_modul
es/rollup/dist/es/shar
ed/node-entry.js:14175
:29)
    at ModuleScope.fin
dVariable (file:///C:/
Users/chereto/Desktop/
eoty-platform/frontend
/node_modules/rollup/d
ist/es/shared/node-ent
ry.js:12615:39)
    at FunctionScope.f
indVariable (file:///C
:/Users/chereto/Deskto
p/eoty-platform/fronte
nd/node_modules/rollup
/dist/es/shared/node-e
ntry.js:7124:38)
    at ChildScope.find
Variable (file:///C:/U
sers/chereto/Desktop/e
oty-platform/frontend/
node_modules/rollup/di
st/es/shared/node-entr
y.js:7124:38)
    at 
Identifier.bind (file:
///C:/Users/chereto/De
sktop/eoty-platform/fr
ontend/node_modules/ro
llup/dist/es/shared/no
de-entry.js:8319:40)
    at 
CallExpression.bind (f
ile:///C:/Users/cheret
o/Desktop/eoty-platfor
m/frontend/node_module
s/rollup/dist/es/share
d/node-entry.js:5888:2
8)
    at 
CallExpression.bind (f
ile:///C:/Users/cheret
o/Desktop/eoty-platfor
m/frontend/node_module
s/rollup/dist/es/share
d/node-entry.js:9890:1
5)
    at Property.bind (
file:///C:/Users/chere
to/Desktop/eoty-platfo
rm/frontend/node_modul
es/rollup/dist/es/shar
ed/node-entry.js:5892:
23)[39m
